
 Ansys Mechanical Enterprise                       


 *------------------------------------------------------------------*
 |                                                                  |
 |   W E L C O M E   T O   T H E   A N S Y S (R)  P R O G R A M     |
 |                                                                  |
 *------------------------------------------------------------------*




 ***************************************************************
 *         ANSYS MAPDL 2025 R1          LEGAL NOTICES          *
 ***************************************************************
 *                                                             *
 * Copyright 1971-2025 Ansys, Inc.  All rights reserved.       *
 * Unauthorized use, distribution or duplication is            *
 * prohibited.                                                 *
 *                                                             *
 * Ansys is a registered trademark of Ansys, Inc. or its       *
 * subsidiaries in the United States or other countries.       *
 * See the Ansys, Inc. online documentation or the Ansys, Inc. *
 * documentation CD or online help for the complete Legal      *
 * Notice.                                                     *
 *                                                             *
 ***************************************************************
 *                                                             *
 * THIS ANSYS SOFTWARE PRODUCT AND PROGRAM DOCUMENTATION       *
 * INCLUDE TRADE SECRETS AND CONFIDENTIAL AND PROPRIETARY      *
 * PRODUCTS OF ANSYS, INC., ITS SUBSIDIARIES, OR LICENSORS.    *
 * The software products and documentation are furnished by    *
 * Ansys, Inc. or its subsidiaries under a software license    *
 * agreement that contains provisions concerning               *
 * non-disclosure, copying, length and nature of use,          *
 * compliance with exporting laws, warranties, disclaimers,    *
 * limitations of liability, and remedies, and other           *
 * provisions.  The software products and documentation may be *
 * used, disclosed, transferred, or copied only in accordance  *
 * with the terms and conditions of that software license      *
 * agreement.                                                  *
 *                                                             *
 * Ansys, Inc. is a UL registered                              *
 * ISO 9001:2015 company.                                      *
 *                                                             *
 ***************************************************************
 *                                                             *
 * This product is subject to U.S. laws governing export and   *
 * re-export.                                                  *
 *                                                             *
 * For U.S. Government users, except as specifically granted   *
 * by the Ansys, Inc. software license agreement, the use,     *
 * duplication, or disclosure by the United States Government  *
 * is subject to restrictions stated in the Ansys, Inc.        *
 * software license agreement and FAR 12.212 (for non-DOD      *
 * licenses).                                                  *
 *                                                             *
 ***************************************************************

 2025 R1 
     
 Point Releases and Patches installed:   
     
 Ansys, Inc. License Manager 2025 R1 
 CFD-Post only 2025 R1   
 Core WB Files 2025 R1   
 CFX (includes CFD-Post) 2025 R1 
 Chemkin 2025 R1 
 FENSAP-ICE 2025 R1  
 Fluent (includes CFD-Post) 2025 R1  
 Polyflow (includes CFD-Post) 2025 R1
 EnSight 2025 R1 
 Forte (includes EnSight) 2025 R1
 ICEM CFD 2025 R1
 TurboGrid 2025 R1   
 Lumerical 2025 R1   
 Speos HPC 2025 R1   
 optiSLang 2025 R1   
 Remote Solve Manager Standalone Services 2025 R1
 Additive 2025 R1
 Aqwa 2025 R1
 Autodyn 2025 R1 
 LS-DYNA 2025 R1 
 Mechanical Products 2025 R1 
 Motion 2025 R1  
 Sherlock 2025 R1
 ACIS Geometry Interface 2025 R1 
 Catia, Version 5 Geometry Interface 2025 R1 
 Parasolid Geometry Interface 2025 R1


          *****  MAPDL COMMAND LINE ARGUMENTS  *****
  INITIAL JOBNAME              = file                                                                                                                                                                                                                                                    

 PARAMETER STATUS-           (   1 PARAMETERS DEFINED)

 NAME                              VALUE                        TYPE
 PORT                              50053.0000                    SCALAR

 RELEASE= 2025 R1              BUILD= 25.1      UP20241202   VERSION=LINUX x64   
 CURRENT JOBNAME=file2  16:39:02  JUL 19, 2026 CP=      0.248


 PRINTOUT RESUMED BY /GOP

 *** VERIFICATION RUN - CASE                                  ***  OPTION=  4


 NUMBER OF DISPLAYED ERRORS ALLOWED PER COMMAND=                200
 NUMBER OF ERRORS ALLOWED PER COMMAND BEFORE ANSYS ABORT=     10000
 ABORT LEVEL KEY= -1
 ALL ERRORS WRITTEN TO                                                                                                                                                                                                                                                                     
 DO NOT TERMINATE /INPUT UPON FIRST ERROR

 CLEAR MAPDL DATABASE AND RESTART

 Ansys Mechanical Enterprise                       

 CLEAR MAPDL DATABASE AND RESTART

 Ansys Mechanical Enterprise                       

 *****  MAPDL SOLUTION ROUTINE  *****

 FINISH SOLUTION PROCESSING


 ***** ROUTINE COMPLETED *****  CP =         0.000



 *****  MAPDL SOLUTION ROUTINE  *****

                      L O A D   S T E P   O P T I O N S

   LOAD STEP NUMBER. . . . . . . . . . . . . . . .     1
   TIME AT END OF THE LOAD STEP. . . . . . . . . .  1.0000    
   NUMBER OF SUBSTEPS. . . . . . . . . . . . . . .     1
   STEP CHANGE BOUNDARY CONDITIONS . . . . . . . .    NO
   PRINT OUTPUT CONTROLS . . . . . . . . . . . . .NO PRINTOUT
   DATABASE OUTPUT CONTROLS
      ITEM     FREQUENCY   COMPONENT
       ALL        ALL               




  *** MASS SUMMARY BY ELEMENT TYPE ***

  TYPE      MASS
 AN AVERAGE OF THE X-, Y-, AND Z-DIRECTION MASS TERMS ARE USED
  Memory available (MB) =    0.0    ,  Memory required (MB) =    0.0    


   *** ELEMENT RESULT CALCULATION TIMES
     TYPE    NUMBER   ENAME      TOTAL CP  AVE CP

        1     26880  SOLID185      0.000   0.000000
        2         1  MASS21        0.000   0.000000

   *** NODAL LOAD CALCULATION TIMES
     TYPE    NUMBER   ENAME      TOTAL CP  AVE CP

        1     26880  SOLID185      0.000   0.000000
        2         1  MASS21        0.000   0.000000
 *** LOAD STEP     1   SUBSTEP     1  COMPLETED.    CUM ITER =      1
 *** TIME =   1.00000         TIME INC =   1.00000      NEW TRIANG MATRIX

 FINISH SOLUTION PROCESSING


 ***** ROUTINE COMPLETED *****  CP =         0.000



 CLEAR MAPDL DATABASE AND RESTART

 Ansys Mechanical Enterprise                       

 *****  MAPDL SOLUTION ROUTINE  *****

 FINISH SOLUTION PROCESSING


 ***** ROUTINE COMPLETED *****  CP =         0.000



 *****  MAPDL SOLUTION ROUTINE  *****

                      L O A D   S T E P   O P T I O N S

   LOAD STEP NUMBER. . . . . . . . . . . . . . . .     1
   TIME AT END OF THE LOAD STEP. . . . . . . . . .  1.0000    
   NUMBER OF SUBSTEPS. . . . . . . . . . . . . . .     1
   STEP CHANGE BOUNDARY CONDITIONS . . . . . . . .    NO
   PRINT OUTPUT CONTROLS . . . . . . . . . . . . .NO PRINTOUT
   DATABASE OUTPUT CONTROLS
      ITEM     FREQUENCY   COMPONENT
       ALL        ALL               




  *** MASS SUMMARY BY ELEMENT TYPE ***

  TYPE      MASS
 AN AVERAGE OF THE X-, Y-, AND Z-DIRECTION MASS TERMS ARE USED
  Memory available (MB) =    0.0    ,  Memory required (MB) =    0.0    


   *** ELEMENT RESULT CALCULATION TIMES
     TYPE    NUMBER   ENAME      TOTAL CP  AVE CP

        1     26880  SOLID185      0.000   0.000000
        2         1  MASS21        0.000   0.000000

   *** NODAL LOAD CALCULATION TIMES
     TYPE    NUMBER   ENAME      TOTAL CP  AVE CP

        1     26880  SOLID185      0.000   0.000000
        2         1  MASS21        0.000   0.000000
 *** LOAD STEP     1   SUBSTEP     1  COMPLETED.    CUM ITER =      1
 *** TIME =   1.00000         TIME INC =   1.00000      NEW TRIANG MATRIX

 FINISH SOLUTION PROCESSING


 ***** ROUTINE COMPLETED *****  CP =         0.000



 CLEAR MAPDL DATABASE AND RESTART

 Ansys Mechanical Enterprise                       

 *****  MAPDL SOLUTION ROUTINE  *****

 FINISH SOLUTION PROCESSING


 ***** ROUTINE COMPLETED *****  CP =         0.000



 *****  MAPDL SOLUTION ROUTINE  *****

                      L O A D   S T E P   O P T I O N S

   LOAD STEP NUMBER. . . . . . . . . . . . . . . .     1
   TIME AT END OF THE LOAD STEP. . . . . . . . . .  1.0000    
   NUMBER OF SUBSTEPS. . . . . . . . . . . . . . .     1
   STEP CHANGE BOUNDARY CONDITIONS . . . . . . . .    NO
   PRINT OUTPUT CONTROLS . . . . . . . . . . . . .NO PRINTOUT
   DATABASE OUTPUT CONTROLS
      ITEM     FREQUENCY   COMPONENT
       ALL        ALL               




  *** MASS SUMMARY BY ELEMENT TYPE ***

  TYPE      MASS
 AN AVERAGE OF THE X-, Y-, AND Z-DIRECTION MASS TERMS ARE USED
  Memory available (MB) =    0.0    ,  Memory required (MB) =    0.0    


   *** ELEMENT RESULT CALCULATION TIMES
     TYPE    NUMBER   ENAME      TOTAL CP  AVE CP

        1     26880  SOLID185      0.000   0.000000
        2         1  MASS21        0.000   0.000000

   *** NODAL LOAD CALCULATION TIMES
     TYPE    NUMBER   ENAME      TOTAL CP  AVE CP

        1     26880  SOLID185      0.000   0.000000
        2         1  MASS21        0.000   0.000000
 *** LOAD STEP     1   SUBSTEP     1  COMPLETED.    CUM ITER =      1
 *** TIME =   1.00000         TIME INC =   1.00000      NEW TRIANG MATRIX

 FINISH SOLUTION PROCESSING


 ***** ROUTINE COMPLETED *****  CP =         0.000


